converged SCF energy = -153.651171063021
   System Information:
   ----------------------------------------------------
     Number of correlated electrons = 20
     Number of correlated orbitals = 72
     Number of frozen orbitals = 4
     Number of alpha occupied orbitals = 10
     Number of alpha unoccupied orbitals = 62
     Number of beta occupied orbitals = 10
     Number of beta unoccupied orbitals = 62
     Charge = 0
     Point group = D2h
     Symmetry of reference = AG
     Spin multiplicity of reference = 1

      MO #        Energy (a.u.)      Symmetry    Occupation
-----------------------------------------------------------
         1           -11.252660            AG           2.0
         2           -11.252226           B2U           2.0
         3           -11.251269           B3U           2.0
         4           -11.250820           B1G           2.0
         5            -1.146114            AG           2.0
         6            -0.901730           B2U           2.0
         7            -0.823531           B3U           2.0
         8            -0.696923           B1G           2.0
         9            -0.686312            AG           2.0
        10            -0.544449           B2U           2.0
        11            -0.528892            AG           2.0
        12            -0.465322           B1U           2.0
        13            -0.457992           B3U           2.0
        14            -0.268371           B3G           2.0
        15             0.087772           B2G           0.0
        16             0.210445            AG           0.0
        17             0.220397           B2U           0.0
        18             0.223244           B1G           0.0
        19             0.234467           B3U           0.0
        20             0.257004            AU           0.0
        21             0.309038           B2U           0.0
        22             0.387850           B3U           0.0
        23             0.460787           B1G           0.0
        24             0.532223            AG           0.0
        25             0.594747            AG           0.0
        26             0.600967           B1G           0.0
        27             0.650566           B2U           0.0
        28             0.685230           B1U           0.0
        29             0.734785           B3G           0.0
        30             0.737202           B3U           0.0
        31             0.785041           B2G           0.0
        32             0.816537           B2U           0.0
        33             0.826649            AG           0.0
        34             0.846218            AU           0.0
        35             0.903037           B3U           0.0
        36             0.921292           B1G           0.0
        37             0.942875            AG           0.0
        38             0.962987           B1G           0.0
        39             1.038312           B2U           0.0
        40             1.046407           B1U           0.0
        41             1.112898           B3U           0.0
        42             1.191508           B1U           0.0
        43             1.225483           B2U           0.0
        44             1.239031           B1G           0.0
        45             1.299215           B2G           0.0
        46             1.301270           B3U           0.0
        47             1.312967           B3G           0.0
        48             1.492975            AG           0.0
        49             1.571441            AG           0.0
        50             1.628650           B3U           0.0
        51             1.687405           B1G           0.0
        52             1.716953           B3G           0.0
        53             1.719637            AU           0.0
        54             1.744390           B2U           0.0
        55             1.825817           B2G           0.0
        56             1.862260            AG           0.0
        57             1.880033           B1U           0.0
        58             1.942376           B2U           0.0
        59             2.031009           B3U           0.0
        60             2.047016           B1G           0.0
        61             2.097136            AU           0.0
        62             2.150691           B3G           0.0
        63             2.186958           B2U           0.0
        64             2.207117            AG           0.0
        65             2.245005           B3U           0.0
        66             2.245753           B2G           0.0
        67             2.290546           B1G           0.0
        68             2.525271           B1G           0.0
        69             2.564835            AU           0.0
        70             2.594758           B2U           0.0
        71             2.600974           B3U           0.0
        72             2.686596            AG           0.0
        73             2.801796           B1G           0.0
        74             3.089122           B2U           0.0
        75             3.101942           B3U           0.0
        76             3.677733           B1G           0.0

   Nuclear Repulsion Energy = 97.67026460237491
   Reference Energy = -153.65117106302029

   --------------------------------------------------
   Calculation type =  CCSDT
   Maximum iterations = 80
   Convergence tolerance = 1e-07
   Energy shift = 0.0
   DIIS size =  6
   RHF symmetry = False
   --------------------------------------------------

   CC calculation started at 2023-03-18 22:20:00 

   Energy of initial guess =         0.0000000000

      Iter.     Residuum             δE                ΔE           Wall time
    ----------------------------------------------------------------------------
       0      0.5624297716     -0.4913293669     -0.4913293669   (56.0m 48.1s)
       1      0.1239380806     -0.0753359846     -0.5666653515   (65.0m 48.7s)
       2      0.0546266015     -0.0159529937     -0.5826183452    (64.0m 5.7s)
       3      0.0316829868     -0.0049196552     -0.5875380004   (70.0m 38.6s)
       4      0.0216581770     -0.0020605996     -0.5895985999    (66.0m 5.4s)
       5      0.0160799227     -0.0010720370     -0.5906706370   (65.0m 29.3s)
       6      0.0124332249     -0.0006426213     -0.5913132582   (65.0m 26.3s)
       7      0.0098196979     -0.0004219077     -0.5917351659   (64.0m 54.0s)
       8      0.0078468199     -0.0002938760     -0.5920290418   (65.0m 18.1s)
       9      0.0063124096     -0.0002131485     -0.5922421904    (75.0m 6.8s)
      10      0.0000733182     -0.0007419235     -0.5929841139   (70.0m 34.4s)
