CF energy = -198.420096282673
   System Information:
   ----------------------------------------------------
     Number of correlated electrons = 14
     Number of correlated orbitals = 28
     Number of frozen orbitals = 2
     Number of alpha occupied orbitals = 7
     Number of alpha unoccupied orbitals = 21
     Number of beta occupied orbitals = 7
     Number of beta unoccupied orbitals = 21
     Charge = 0
     Point group = D2h
     Symmetry of reference = AG
     Spin multiplicity of reference = 1

      MO #        Energy (a.u.)      Symmetry    Occupation
-----------------------------------------------------------
         1           -26.443066            AG           2.0
         2           -26.443033           B1U           2.0
         3            -1.597219            AG           2.0
         4            -1.589112           B1U           2.0
         5            -0.725614           B2U           2.0
         6            -0.725614           B3U           2.0
         7            -0.722377           B2G           2.0
         8            -0.722377           B3G           2.0
         9            -0.478973            AG           2.0
        10            -0.250869           B1U           0.0
        11             1.296261            AG           0.0
        12             1.356322           B2U           0.0
        13             1.356322           B3U           0.0
        14             1.389531           B2G           0.0
        15             1.389531           B3G           0.0
        16             1.483239           B1U           0.0
        17             1.541852            AG           0.0
        18             1.637166           B1U           0.0
        19             3.890281            AG           0.0
        20             3.893612           B1U           0.0
        21             3.896658           B2U           0.0
        22             3.896658           B3U           0.0
        23             3.897895           B2G           0.0
        24             3.897895           B3G           0.0
        25             3.913590            AG           0.0
        26             3.913590           B1G           0.0
        27             3.913591            AU           0.0
        28             3.913591           B1U           0.0
        29             7.541717            AG           0.0
        30             7.601742           B1U           0.0

   Nuclear Repulsion Energy = 15.178999760134326
   Reference Energy = -198.42009628267266

   --------------------------------------------------
   Calculation type =  CCSDT
   Maximum iterations = 80
   Convergence tolerance = 1e-07
   Energy shift = 0.0
   DIIS size =  6
   RHF symmetry = False
   --------------------------------------------------

   CC calculation started at 2023-02-27 22:16:00 

   Energy of initial guess =         0.0000000000

      Iter.     Residuum             δE                ΔE           Wall time
    ----------------------------------------------------------------------------
       0      0.7950811421     -0.5760307223     -0.5760307223    (0.0m 13.7s)
       1      0.2600010113     -0.0470790932     -0.6231098155    (0.0m 16.3s)
       2      0.0673753279     -0.0073211685     -0.6304309840    (0.0m 15.7s)
       3      0.0268057665     -0.0056287055     -0.6360596895    (0.0m 17.9s)
       4      0.0079600975     -0.0005734592     -0.6366331487    (0.0m 17.0s)
       5      0.0050229976     -0.0012493460     -0.6378824947    (0.0m 17.2s)
       6      0.0014377555      0.0001119264     -0.6377705683    (0.0m 16.9s)
       7      0.0012910489     -0.0003363096     -0.6381068779    (0.0m 17.0s)
       8      0.0006467406      0.0000945120     -0.6380123660    (0.0m 17.1s)
       9      0.0006215616     -0.0001047099     -0.6381170759    (0.0m 22.3s)
      10      0.0004238216      0.0000125770     -0.6381044988    (0.0m 21.2s)
      11      0.0002105326     -0.0000016519     -0.6381061507    (0.0m 22.8s)
      12      0.0000452642      0.0000012687     -0.6381048820    (0.0m 22.4s)
      13      0.0000154003      0.0000003844     -0.6381044977    (0.0m 22.7s)
      14      0.0000079738     -0.0000002986     -0.6381047963    (0.0m 22.5s)
      15      0.0000022071     -0.0000002554     -0.6381050517    (0.0m 22.0s)
      16      0.0000003766      0.0000000422     -0.6381050095    (0.0m 22.4s)
      17      0.0000000710     -0.0000000192     -0.6381050287    (0.0m 14.8s)
   CC calculation successfully converged! (5.00m  41.99s)

   CC Calculation Summary
  --------------------------------------------------
   Reference energy                   -198.42009628
   CC correlation energy                -0.63810503
   Total CC energy                    -199.05820131

   CC calculation ended at 2023-02-27 22:22:05

   Exact H*T3 contraction
 (Completed in  11.888574361801147 seconds)
   On-the-fly H*T3 contraction
t3a took 52.89799165725708
t3b took 256.1066942214966
t3c took 342.6621472835541
 (Completed in  651.6972558498383 seconds)

T3A update passed! Cumulative Error =  9.496681630422368e-17
T3B update passed! Cumulative Error =  4.488100023134551e-15
T3C update passed! Cumulative Error =  3.737058294683376e-15
